﻿
> frontend-tis@0.0.0 build
> vite build --configLoader native

[36mvite v8.0.1 [32mbuilding client environment for production...[36m[39m
[2K
node.exe : Found 1 warning while optimizing generated CSS:
En línea: 1 Carácter: 1
+ & "C:\Program Files\nodejs/node.exe" "C:\Program Files\nodejs/node_mo ...
+ ~~~~~~~~~~~~~~~~~~~~~~~~~~~~~~~~~~~~~~~~~~~~~~~~~~~~~~~~~~~~~~~~~~~~~
    + CategoryInfo          : NotSpecified: (Found 1 warning... generated CSS: 
   :String) [], RemoteException
    + FullyQualifiedErrorId : NativeCommandError
 

[2mÔöé   border-color: rgba(162, 214, 249, 0.08);[22m
[2mÔöé }[22m
[2mÔöé[22m * ÔöÇÔöÇ Datos generales ÔöÇÔöÇÔöÇÔöÇÔöÇÔöÇÔöÇÔöÇÔöÇÔöÇÔöÇÔöÇÔöÇÔö
ÇÔöÇÔöÇÔöÇÔöÇÔöÇÔöÇÔöÇÔöÇÔöÇÔöÇÔöÇÔöÇÔöÇÔöÇÔöÇÔöÇÔöÇÔöÇÔöÇÔöÇÔöÇÔöÇÔöÇÔöÇÔöÇÔöÇ
 */ .cinfo__general {
[2mÔöå[22m                                                                 
[33m[2m^--[22m Unexpected token Delim('.')[39m
[2mÔöå[22m
[2mÔöé   margin-top: 24px;[22m
[2mÔöé   padding-top: 20px;[22m

transforming...Ô£ô 3466 modules transformed.
rendering chunks...
computing gzip size...
dist/index.html                                     1.28 kB Ôöé gzip:   0.57 kB
dist/assets/NotificationsPage-DYTv1G0Y.css          4.77 kB Ôöé gzip:   1.43 kB
dist/assets/Explore-DSmWhQs-.css                    7.73 kB Ôöé gzip:   2.06 kB
dist/assets/Dashboard-hUlNPOQj.css                103.44 kB Ôöé gzip:  16.79 kB
dist/assets/index-5fp6v0GW.css                    371.95 kB Ôöé gzip:  58.20 kB
dist/assets/auth-context-tcRz3Mjh.js                0.10 kB Ôöé gzip:   0.11 kB
dist/assets/check-6NPlL7i6.js                       0.12 kB Ôöé gzip:   0.14 kB
dist/assets/chevron-down-867vaQnJ.js                0.12 kB Ôöé gzip:   0.14 kB
dist/assets/chevron-up-DWU8UPqG.js                  0.12 kB Ôöé gzip:   0.14 kB
dist/assets/chevron-left-BhI_17Lz.js                0.13 kB Ôöé gzip:   0.14 kB
dist/assets/chevron-right-C4S3Cjlv.js               0.13 kB Ôöé gzip:   0.14 kB
dist/assets/plus-DKrPkO3v.js                        0.15 kB Ôöé gzip:   0.15 kB
dist/assets/x-B0X92DAv.js                           0.15 kB Ôöé gzip:   0.15 kB
dist/assets/arrow-left-VnUUscnp.js                  0.16 kB Ôöé gzip:   0.16 kB
dist/assets/search-DwgHdwlA.js                      0.17 kB Ôöé gzip:   0.17 kB
dist/assets/trending-up-D4Tak_SO.js                 0.17 kB Ôöé gzip:   0.17 kB
dist/assets/circle-check-Ct4jHiet.js                0.17 kB Ôöé gzip:   0.17 kB
dist/assets/user-round-WkEN2FtV.js                  0.18 kB Ôöé gzip:   0.17 kB
dist/assets/user-OKvDrLnq.js                        0.19 kB Ôöé gzip:   0.18 kB
dist/assets/toggle-left-B41CyWeE.js                 0.19 kB Ôöé gzip:   0.18 kB
dist/assets/lock-C_Rf8JVM.js                        0.20 kB Ôöé gzip:   0.19 kB
dist/assets/mail-BI_i1pUY.js                        0.21 kB Ôöé gzip:   0.20 kB
dist/assets/briefcase-DT5l0hqB.js                   0.22 kB Ôöé gzip:   0.20 kB
dist/assets/upload-CcO-OyKh.js                      0.23 kB Ôöé gzip:   0.19 kB
dist/assets/compiler-runtime-tnGOZa1Y.js            0.23 kB Ôöé gzip:   0.21 kB
dist/assets/circle-user-round-8l4W0Nhz.js           0.23 kB Ôöé gzip:   0.19 kB
dist/assets/useAuth-DJn68Ecq.js                     0.24 kB Ôöé gzip:   0.20 kB
dist/assets/message-circle-RR5pHcBj.js              0.24 kB Ôöé gzip:   0.21 kB
dist/assets/globe-CnB2fvea.js                       0.24 kB Ôöé gzip:   0.19 kB
dist/assets/twitter-WANE2mRK.js                     0.24 kB Ôöé gzip:   0.21 kB
dist/assets/circle-alert-CDM1AaoS.js                0.25 kB Ôöé gzip:   0.18 kB
dist/assets/external-link-DL5YB2qa.js               0.25 kB Ôöé gzip:   0.20 kB
dist/assets/eye-CPfdeVXx.js                         0.25 kB Ôöé gzip:   0.20 kB
dist/assets/authNavigation-D_8Ge0pA.js              0.25 kB Ôöé gzip:   0.18 kB
dist/assets/map-pin-CA6sdelm.js                     0.25 kB Ôöé gzip:   0.22 kB
dist/assets/zap-CtsyREOV.js                         0.26 kB Ôöé gzip:   0.21 kB
dist/assets/shield-lwzpX1FG.js                      0.27 kB Ôöé gzip:   0.22 kB
dist/assets/book-open-D6TzRsfQ.js                   0.27 kB Ôöé gzip:   0.20 kB
dist/assets/bell-DorAONLV.js                        0.29 kB Ôöé gzip:   0.23 kB
dist/assets/thumbs-up-D1ZaeDsO.js                   0.30 kB Ôöé gzip:   0.23 kB
dist/assets/users-CsmuRj9v.js                       0.30 kB Ôöé gzip:   0.22 kB
dist/assets/user-plus-Bi_EYRgX.js                   0.31 kB Ôöé gzip:   0.23 kB
dist/assets/refresh-cw-Df-QgAkA.js                  0.32 kB Ôöé gzip:   0.22 kB
dist/assets/phone-dBgIq91u.js                       0.32 kB Ôöé gzip:   0.23 kB
dist/assets/save-DDnLMwb9.js                        0.32 kB Ôöé gzip:   0.22 kB
dist/assets/graduation-cap-D9qqlwTB.js              0.33 kB Ôöé gzip:   0.24 kB
dist/assets/camera-B5kD7IST.js                      0.33 kB Ôöé gzip:   0.25 kB
dist/assets/image-up-JbDuJKvA.js                    0.33 kB Ôöé gzip:   0.25 kB
dist/assets/chart-column-B1yzBvEO.js                0.36 kB Ôöé gzip:   0.24 kB
dist/assets/notificationService-CAfa30xK.js         0.37 kB Ôöé gzip:   0.21 kB
dist/assets/building-2-k6JpscaM.js                  0.38 kB Ôöé gzip:   0.24 kB
dist/assets/link-2-Cwo6FVYs.js                      0.38 kB Ôöé gzip:   0.27 kB
dist/assets/file-text-5qXtYKwt.js                   0.38 kB Ôöé gzip:   0.25 kB
dist/assets/earth-CGecYc9Z.js                       0.39 kB Ôöé gzip:   0.27 kB
dist/assets/github-CcPVmU8a.js                      0.40 kB Ôöé gzip:   0.29 kB
dist/assets/loader-DcSkJDVY.js                      0.41 kB Ôöé gzip:   0.24 kB
dist/assets/panel-left-open-BS_4lDVh.js             0.41 kB Ôöé gzip:   0.23 kB
dist/assets/layers-BbHDHv_d.js                      0.42 kB Ôöé gzip:   0.24 kB
dist/assets/sliders-horizontal-DJdcc5-r.js          0.42 kB Ôöé gzip:   0.24 kB
dist/assets/eye-off-ChbesC3G.js                     0.43 kB Ôöé gzip:   0.27 kB
dist/assets/useClickOutside-BCY4bsH3.js             0.46 kB Ôöé gzip:   0.32 kB
dist/assets/AuthFieldError-CT52hnoy.js              0.47 kB Ôöé gzip:   0.34 kB
dist/assets/settings-BNhQKTfw.js                    0.48 kB Ôöé gzip:   0.26 kB
dist/assets/sparkles-C24eL2Sg.js                    0.49 kB Ôöé gzip:   0.28 kB
dist/assets/palette-CAvqNZIZ.js                     0.51 kB Ôöé gzip:   0.28 kB
dist/assets/file-up-BExh2qiw.js                     0.53 kB Ôöé gzip:   0.31 kB
dist/assets/postulationService-DTULZkJh.js          0.62 kB Ôöé gzip:   0.34 kB
dist/assets/shield-check-D0m8VO98.js                0.72 kB Ôöé gzip:   0.41 kB
dist/assets/star-DR7DHHGN.js                        0.73 kB Ôöé gzip:   0.39 kB
dist/assets/layout-dashboard-B-YDhD7t.js            0.74 kB Ôöé gzip:   0.39 kB
dist/assets/share-2-Dodqm6Ki.js                     0.83 kB Ôöé gzip:   0.44 kB
dist/assets/cvService-yN2vEaB6.js                   0.86 kB Ôöé gzip:   0.35 kB
dist/assets/LanguageSection-f1EtCdou.js             0.93 kB Ôöé gzip:   0.57 kB
dist/assets/CompanyPage-BmmGEz-H.js                 0.93 kB Ôöé gzip:   0.57 kB
dist/assets/visibilityService-CpL2Qy2P.js           0.94 kB Ôöé gzip:   0.44 kB
dist/assets/Dashboard-BhonZAXa.js                   1.00 kB Ôöé gzip:   0.54 kB
dist/assets/createLucideIcon-CGQ8jY8w.js            1.19 kB Ôöé gzip:   0.69 kB
dist/assets/Recruiter-jYOkdGpw.js                   1.25 kB Ôöé gzip:   0.65 kB
dist/assets/SettingsCard-BBjWpqLT.js                1.32 kB Ôöé gzip:   0.74 kB
dist/assets/useNotificationPrefs-D90F2geT.js        1.34 kB Ôöé gzip:   0.66 kB
dist/assets/ThemeTongle-DS7I78CQ.js                 1.44 kB Ôöé gzip:   0.73 kB
dist/assets/settingsService-n6Jzunv-.js             1.45 kB Ôöé gzip:   0.65 kB
dist/assets/PrivacySection-Bv-WRuD5.js              1.79 kB Ôöé gzip:   0.94 kB
dist/assets/OAuthPopupCallback-SK24jKPC.js          1.88 kB Ôöé gzip:   0.89 kB
dist/assets/CrearPerfilProfesional-DAjvlfT1.js      1.89 kB Ôöé gzip:   1.04 kB
dist/assets/NotificationsSection-h7wCbORl.js        1.94 kB Ôöé gzip:   1.04 kB
dist/assets/Visibility-D0xQCgsQ.js                  2.61 kB Ôöé gzip:   1.33 kB
dist/assets/button-foq-LawH.js                      2.63 kB Ôöé gzip:   1.25 kB
dist/assets/latinAmericaLocations-BrVyhUTv.js       2.67 kB Ôöé gzip:   1.24 kB
dist/assets/authService-BsP6lQQi.js                 2.69 kB Ôöé gzip:   1.07 kB
dist/assets/LanguageSwitcher-DduZB6NM.js            3.11 kB Ôöé gzip:   1.45 kB
dist/assets/searchService-DfthiwJL.js               3.27 kB Ôöé gzip:   1.47 kB
dist/assets/ForgotPassword-B_Pdomwq.js              3.34 kB Ôöé gzip:   1.29 kB
dist/assets/react-dom-DuWPu71J.js                   3.54 kB Ôöé gzip:   1.34 kB
dist/assets/LocationSection-DAMzGDt3.js             3.71 kB Ôöé gzip:   1.74 kB
dist/assets/dashboardShell-Cv_1JhPU.js              3.89 kB Ôöé gzip:   1.24 kB
dist/assets/NotificationBell-BudqOi8e.js            4.02 kB Ôöé gzip:   1.57 kB
dist/assets/offerService-if2iyJO6.js                4.22 kB Ôöé gzip:   1.48 kB
dist/assets/useTranslation-BVkqT09p.js              4.58 kB Ôöé gzip:   2.15 kB
dist/assets/SearchUsers-B0MvmL4M.js                 4.79 kB Ôöé gzip:   1.33 kB
dist/assets/NotificationsPage-8OojLjrP.js           4.80 kB Ôöé gzip:   1.97 kB
dist/assets/httpClient-C5SJ8FCi.js                  5.00 kB Ôöé gzip:   2.01 kB
dist/assets/ResetPassword-1F_SWIVy.js               5.10 kB Ôöé gzip:   1.74 kB
dist/assets/Login2-zDsrb4yv.js                      5.79 kB Ôöé gzip:   2.33 kB
dist/assets/profileTrustService-BBAVztJ_.js         7.67 kB Ôöé gzip:   2.51 kB
dist/assets/Settings-CurC0N0B.js                    7.81 kB Ôöé gzip:   3.10 kB
dist/assets/SavedPage-C4jmD6Pe.js                   8.31 kB Ôöé gzip:   3.17 kB
dist/assets/jsx-runtime-C7M7YA1l.js                 8.65 kB Ôöé gzip:   3.30 kB
dist/assets/Navbar-BNW1zl_g.js                      9.58 kB Ôöé gzip:   3.15 kB
dist/assets/LeftSidebar-9DEQe2tP.js                 9.81 kB Ôöé gzip:   3.10 kB
dist/assets/Home-BkxFTCpt.js                       11.01 kB Ôöé gzip:   3.70 kB
dist/assets/portfolioStyles-DcTiDlBq.js            11.36 kB Ôöé gzip:   2.89 kB
dist/assets/StepLabel-C91Fz8D-.js                  11.63 kB Ôöé gzip:   4.73 kB
dist/assets/Explore-LNeeaZIX.js                    13.32 kB Ôöé gzip:   4.71 kB
dist/assets/Forms-BETPEQOG.js                      13.56 kB Ôöé gzip:   3.78 kB
dist/assets/ProfileTrustModals-CyVM6J_B.js         25.62 kB Ôöé gzip:   8.87 kB
dist/assets/Register2-CajHTbYW.js                  28.86 kB Ôöé gzip:  10.35 kB
dist/assets/nuevaBusqueda-BuQMiKUf.js              32.59 kB Ôöé gzip:  11.28 kB
dist/assets/feedMappers-D8uQk1L5.js                38.41 kB Ôöé gzip:  12.64 kB
dist/assets/ReportPublicationModal-DCVolejK.js     38.62 kB Ôöé gzip:  13.82 kB
dist/assets/Form-CLH8UoD5.js                       39.67 kB Ôöé gzip:  13.80 kB
dist/assets/FeedPage-EHgPvFh-.js                   51.69 kB Ôöé gzip:  17.27 kB
dist/assets/AuthTopbar-YiNvKVOt.js                 70.63 kB Ôöé gzip:  19.77 kB
dist/assets/useNotifications-CXtethNF.js           88.19 kB Ôöé gzip:  27.34 kB
dist/assets/DashboardLayout-yguotj7j.js           109.50 kB Ôöé gzip:  34.26 kB
dist/assets/LeftSidebar-tiTlEOgl.js               110.72 kB Ôöé gzip:  32.19 kB
dist/assets/DashboardProfile-DrtrYrRL.js          111.79 kB Ôöé gzip:  33.02 kB
dist/assets/proxy-CgQan2g-.js                     124.35 kB Ôöé gzip:  40.56 kB
dist/assets/index-BQb6f8zQ.js                     352.91 kB Ôöé gzip: 110.62 kB
dist/assets/Dashboard-6V19fcnR.js                 526.72 kB Ôöé gzip: 113.56 kB
dist/assets/CvEditor-Dpk0KHot.js                1,505.87 kB Ôöé gzip: 495.64 kB

[33m[33m[PLUGIN_TIMINGS] Warning:[0m Your build spent significant time in 
plugins. Here is a breakdown:
  - @rolldown/plugin-babel (77%)
  - vite:css (16%)
  - @tailwindcss/vite:generate:build (4%)
See https://rolldown.rs/options/checks#plugintimings for more details.
[39m
[33m[plugin builtin:vite-reporter] 
(!) Some chunks are larger than 500 kB after minification. Consider:
- Using dynamic import() to code-split the application
- Use build.rolldownOptions.output.codeSplitting to improve chunking: 
https://rolldown.rs/reference/OutputOptions.codeSplitting
- Adjust chunk size limit for this warning via 
build.chunkSizeWarningLimit.[39m
[32mÔ£ô built in 13.46s[39m
